com\company\zkteco_server\controller\LoginController.class
com\company\zkteco_server\service\AttendanceService$Parsed.class
com\company\zkteco_server\service\AttendanceService.class
com\company\zkteco_server\controller\LoginHtmlController.class
com\company\zkteco_server\dao\CommandQueueRepository.class
com\company\zkteco_server\dao\AttLogRepository.class
com\company\zkteco_server\config\SecurityConfig.class
com\company\zkteco_server\controller\MainController$PutFingerprintReq.class
com\company\zkteco_server\service\UserService.class
com\company\zkteco_server\model\User.class
com\company\zkteco_server\controller\AccountController.class
com\company\zkteco_server\dao\AdminAccountRepository.class
com\company\zkteco_server\controller\MainController$UpdateDeviceNameReq.class
com\company\zkteco_server\service\CommandQueueService.class
com\company\zkteco_server\dto\AttLogView.class
com\company\zkteco_server\model\AdminAccount.class
com\company\zkteco_server\config\WebConfig.class
com\company\zkteco_server\App.class
com\company\zkteco_server\controller\MainController$EnrollReq.class
com\company\zkteco_server\controller\MainController.class
com\company\zkteco_server\model\AttLog.class
com\company\zkteco_server\model\CommandQueue.class
com\company\zkteco_server\dao\UserInfoRepository.class
com\company\zkteco_server\controller\MainController$CreateUserReq.class
com\company\zkteco_server\config\BootstrapAdmin.class
com\company\zkteco_server\controller\MainController$AttLogViewEx.class
com\company\zkteco_server\dto\TotalsView.class
com\company\zkteco_server\model\CommandQueue$State.class
com\company\zkteco_server\dto\AttendanceSummaryView.class
com\company\zkteco_server\dto\DailyCount.class
com\company\zkteco_server\dto\SessionView.class
com\company\zkteco_server\dto\SessionEventView.class
com\company\zkteco_server\dao\DeviceRepository.class
com\company\zkteco_server\model\Device.class
