C:\Users\Tapo4egg\Desktop\zktt\src\main\java\com\company\zkteco_server\model\AdminAccount.java
C:\Users\Tapo4egg\Desktop\zktt\src\main\java\com\company\zkteco_server\dto\DailyCount.java
C:\Users\Tapo4egg\Desktop\zktt\src\main\java\com\company\zkteco_server\controller\LoginHtmlController.java
C:\Users\Tapo4egg\Desktop\zktt\src\main\java\com\company\zkteco_server\dto\SessionEventView.java
C:\Users\Tapo4egg\Desktop\zktt\src\main\java\com\company\zkteco_server\controller\MainController.java
C:\Users\Tapo4egg\Desktop\zktt\src\main\java\com\company\zkteco_server\controller\AccountController.java
C:\Users\Tapo4egg\Desktop\zktt\src\main\java\com\company\zkteco_server\controller\LoginController.java
C:\Users\Tapo4egg\Desktop\zktt\src\main\java\com\company\zkteco_server\service\AttendanceService.java
C:\Users\Tapo4egg\Desktop\zktt\src\main\java\com\company\zkteco_server\service\UserService.java
C:\Users\Tapo4egg\Desktop\zktt\src\main\java\com\company\zkteco_server\model\AttLog.java
C:\Users\Tapo4egg\Desktop\zktt\src\main\java\com\company\zkteco_server\model\User.java
C:\Users\Tapo4egg\Desktop\zktt\src\main\java\com\company\zkteco_server\dao\AdminAccountRepository.java
C:\Users\Tapo4egg\Desktop\zktt\src\main\java\com\company\zkteco_server\dao\AttLogRepository.java
C:\Users\Tapo4egg\Desktop\zktt\src\main\java\com\company\zkteco_server\dto\TotalsView.java
C:\Users\Tapo4egg\Desktop\zktt\src\main\java\com\company\zkteco_server\config\SecurityConfig.java
C:\Users\Tapo4egg\Desktop\zktt\src\main\java\com\company\zkteco_server\config\BootstrapAdmin.java
C:\Users\Tapo4egg\Desktop\zktt\src\main\java\com\company\zkteco_server\dao\DeviceRepository.java
C:\Users\Tapo4egg\Desktop\zktt\src\main\java\com\company\zkteco_server\dto\AttLogView.java
C:\Users\Tapo4egg\Desktop\zktt\src\main\java\com\company\zkteco_server\service\CommandQueueService.java
C:\Users\Tapo4egg\Desktop\zktt\src\main\java\com\company\zkteco_server\dto\SessionView.java
C:\Users\Tapo4egg\Desktop\zktt\src\main\java\com\company\zkteco_server\dao\UserInfoRepository.java
C:\Users\Tapo4egg\Desktop\zktt\src\main\java\com\company\zkteco_server\config\WebConfig.java
C:\Users\Tapo4egg\Desktop\zktt\src\main\java\com\company\zkteco_server\dto\AttendanceSummaryView.java
C:\Users\Tapo4egg\Desktop\zktt\src\main\java\com\company\zkteco_server\dao\CommandQueueRepository.java
C:\Users\Tapo4egg\Desktop\zktt\src\main\java\com\company\zkteco_server\model\CommandQueue.java
C:\Users\Tapo4egg\Desktop\zktt\src\main\java\com\company\zkteco_server\model\Device.java
C:\Users\Tapo4egg\Desktop\zktt\src\main\java\com\company\zkteco_server\App.java
